Archive member included because of file (symbol)

c:/program files (x86)/atmel/avr tools/avr toolchain/bin/../lib/gcc/avr/4.8.1/avr4\libgcc.a(_udivmodqi4.o)
                              ./main.o (__udivmodqi4)
c:/program files (x86)/atmel/avr tools/avr toolchain/bin/../lib/gcc/avr/4.8.1/avr4\libgcc.a(_divmodhi4.o)
                              ./main.o (__divmodhi4)
c:/program files (x86)/atmel/avr tools/avr toolchain/bin/../lib/gcc/avr/4.8.1/avr4\libgcc.a(_exit.o)
                              c:/program files (x86)/atmel/avr tools/avr toolchain/bin/../lib/gcc/avr/4.8.1/../../../../avr/lib/avr4/crtm8.o (exit)
c:/program files (x86)/atmel/avr tools/avr toolchain/bin/../lib/gcc/avr/4.8.1/avr4\libgcc.a(_copy_data.o)
                              ./1Wire/ds18x20.o (__do_copy_data)
c:/program files (x86)/atmel/avr tools/avr toolchain/bin/../lib/gcc/avr/4.8.1/avr4\libgcc.a(_clear_bss.o)
                              ./1Wire/ds18x20.o (__do_clear_bss)
c:/program files (x86)/atmel/avr tools/avr toolchain/bin/../lib/gcc/avr/4.8.1/avr4\libgcc.a(_udivmodhi4.o)
                              c:/program files (x86)/atmel/avr tools/avr toolchain/bin/../lib/gcc/avr/4.8.1/avr4\libgcc.a(_divmodhi4.o) (__udivmodhi4)
c:/program files (x86)/atmel/avr tools/avr toolchain/bin/../lib/gcc/avr/4.8.1/../../../../avr/lib/avr4\libc.a(itoa_ncheck.o)
                              ./LCD/lcd44780.o (__itoa_ncheck)
c:/program files (x86)/atmel/avr tools/avr toolchain/bin/../lib/gcc/avr/4.8.1/../../../../avr/lib/avr4\libc.a(ltoa_ncheck.o)
                              ./LCD/lcd44780.o (__ltoa_ncheck)
c:/program files (x86)/atmel/avr tools/avr toolchain/bin/../lib/gcc/avr/4.8.1/../../../../avr/lib/avr4\libc.a(ultoa_ncheck.o)
                              c:/program files (x86)/atmel/avr tools/avr toolchain/bin/../lib/gcc/avr/4.8.1/../../../../avr/lib/avr4\libc.a(ltoa_ncheck.o) (__ultoa_common)
c:/program files (x86)/atmel/avr tools/avr toolchain/bin/../lib/gcc/avr/4.8.1/../../../../avr/lib/avr4\libc.a(utoa_ncheck.o)
                              c:/program files (x86)/atmel/avr tools/avr toolchain/bin/../lib/gcc/avr/4.8.1/../../../../avr/lib/avr4\libc.a(itoa_ncheck.o) (__utoa_common)
c:/program files (x86)/atmel/avr tools/avr toolchain/bin/../lib/gcc/avr/4.8.1/../../../../avr/lib/avr4\libc.a(eerd_byte_atmega8.o)
                              ./LCD/lcd44780.o (__eerd_byte_m8)
c:/program files (x86)/atmel/avr tools/avr toolchain/bin/../lib/gcc/avr/4.8.1/../../../../avr/lib/avr4\libc.a(strrev.o)
                              c:/program files (x86)/atmel/avr tools/avr toolchain/bin/../lib/gcc/avr/4.8.1/../../../../avr/lib/avr4\libc.a(ultoa_ncheck.o) (strrev)

Allocating common symbols
Common symbol       size              file

x                   0x1               ./main.o
sekundy             0x1               ./main.o
wskZmienna          0x2               ./main.o
czujnik_cnt         0x1               ./main.o
ms330_flag          0x1               ./main.o
ms10                0x1               ./main.o
i                   0x1               ./main.o
idx                 0x1               ./main.o
cel_fract_bits      0x1               ./main.o
regTemp             0x1               ./main.o
s1_flag             0x1               ./main.o
subzero             0x1               ./main.o
odliczanie          0x1               ./main.o
cel                 0x1               ./main.o
przemieszaj         0x1               ./main.o
gSensorIDs          0x10              ./1Wire/ds18x20.o

Memory Configuration

Name             Origin             Length             Attributes
text             0x00000000         0x00002000         xr
data             0x00800060         0x0000ffa0         rw !x
eeprom           0x00810000         0x00010000         rw !x
fuse             0x00820000         0x00000400         rw !x
lock             0x00830000         0x00000400         rw !x
signature        0x00840000         0x00000400         rw !x
user_signatures  0x00850000         0x00000400         rw !x
*default*        0x00000000         0xffffffff

Linker script and memory map

LOAD c:/program files (x86)/atmel/avr tools/avr toolchain/bin/../lib/gcc/avr/4.8.1/../../../../avr/lib/avr4/crtm8.o
LOAD ./LCD/lcd44780.o
LOAD ./1Wire/crc8.o
LOAD ./1Wire/ds18x20.o
LOAD ./1Wire/onewire.o
LOAD ./main.o
START GROUP
LOAD c:/program files (x86)/atmel/avr tools/avr toolchain/bin/../lib/gcc/avr/4.8.1/avr4\libgcc.a
LOAD c:/program files (x86)/atmel/avr tools/avr toolchain/bin/../lib/gcc/avr/4.8.1/../../../../avr/lib/avr4\libm.a
LOAD c:/program files (x86)/atmel/avr tools/avr toolchain/bin/../lib/gcc/avr/4.8.1/../../../../avr/lib/avr4\libc.a
END GROUP

.hash
 *(.hash)

.dynsym
 *(.dynsym)

.dynstr
 *(.dynstr)

.gnu.version
 *(.gnu.version)

.gnu.version_d
 *(.gnu.version_d)

.gnu.version_r
 *(.gnu.version_r)

.rel.init
 *(.rel.init)

.rela.init
 *(.rela.init)

.rel.text
 *(.rel.text)
 *(.rel.text.*)
 *(.rel.gnu.linkonce.t*)

.rela.text
 *(.rela.text)
 *(.rela.text.*)
 *(.rela.gnu.linkonce.t*)

.rel.fini
 *(.rel.fini)

.rela.fini
 *(.rela.fini)

.rel.rodata
 *(.rel.rodata)
 *(.rel.rodata.*)
 *(.rel.gnu.linkonce.r*)

.rela.rodata
 *(.rela.rodata)
 *(.rela.rodata.*)
 *(.rela.gnu.linkonce.r*)

.rel.data
 *(.rel.data)
 *(.rel.data.*)
 *(.rel.gnu.linkonce.d*)

.rela.data
 *(.rela.data)
 *(.rela.data.*)
 *(.rela.gnu.linkonce.d*)

.rel.ctors
 *(.rel.ctors)

.rela.ctors
 *(.rela.ctors)

.rel.dtors
 *(.rel.dtors)

.rela.dtors
 *(.rela.dtors)

.rel.got
 *(.rel.got)

.rela.got
 *(.rela.got)

.rel.bss
 *(.rel.bss)

.rela.bss
 *(.rela.bss)

.rel.plt
 *(.rel.plt)

.rela.plt
 *(.rela.plt)

.text           0x00000000      0xdfc
 *(.vectors)
 .vectors       0x00000000       0x26 c:/program files (x86)/atmel/avr tools/avr toolchain/bin/../lib/gcc/avr/4.8.1/../../../../avr/lib/avr4/crtm8.o
                0x00000000                __vector_default
                0x00000000                __vectors
 *(.vectors)
 *(.progmem.gcc*)
                0x00000026                . = ALIGN (0x2)
                0x00000026                __trampolines_start = .
 *(.trampolines)
 .trampolines   0x00000026        0x0 linker stubs
 *(.trampolines*)
                0x00000026                __trampolines_end = .
 *(.progmem*)
 .progmem.data.__c.2014
                0x00000026        0x6 ./main.o
                0x0000002c                . = ALIGN (0x2)
 *(.jumptables)
 *(.jumptables*)
 *(.lowtext)
 *(.lowtext*)
                0x0000002c                __ctors_start = .
 *(.ctors)
                0x0000002c                __ctors_end = .
                0x0000002c                __dtors_start = .
 *(.dtors)
                0x0000002c                __dtors_end = .
 SORT(*)(.ctors)
 SORT(*)(.dtors)
 *(.init0)
 .init0         0x0000002c        0x0 c:/program files (x86)/atmel/avr tools/avr toolchain/bin/../lib/gcc/avr/4.8.1/../../../../avr/lib/avr4/crtm8.o
                0x0000002c                __init
 *(.init0)
 *(.init1)
 *(.init1)
 *(.init2)
 .init2         0x0000002c        0xc c:/program files (x86)/atmel/avr tools/avr toolchain/bin/../lib/gcc/avr/4.8.1/../../../../avr/lib/avr4/crtm8.o
 *(.init2)
 *(.init3)
 *(.init3)
 *(.init4)
 .init4         0x00000038       0x16 c:/program files (x86)/atmel/avr tools/avr toolchain/bin/../lib/gcc/avr/4.8.1/avr4\libgcc.a(_copy_data.o)
                0x00000038                __do_copy_data
 .init4         0x0000004e       0x10 c:/program files (x86)/atmel/avr tools/avr toolchain/bin/../lib/gcc/avr/4.8.1/avr4\libgcc.a(_clear_bss.o)
                0x0000004e                __do_clear_bss
 *(.init4)
 *(.init5)
 *(.init5)
 *(.init6)
 *(.init6)
 *(.init7)
 *(.init7)
 *(.init8)
 *(.init8)
 *(.init9)
 .init9         0x0000005e        0x4 c:/program files (x86)/atmel/avr tools/avr toolchain/bin/../lib/gcc/avr/4.8.1/../../../../avr/lib/avr4/crtm8.o
 *(.init9)
 *(.text)
 .text          0x00000062        0x2 c:/program files (x86)/atmel/avr tools/avr toolchain/bin/../lib/gcc/avr/4.8.1/../../../../avr/lib/avr4/crtm8.o
                0x00000062                __vector_1
                0x00000062                __vector_12
                0x00000062                __bad_interrupt
                0x00000062                __vector_6
                0x00000062                __vector_11
                0x00000062                __vector_13
                0x00000062                __vector_17
                0x00000062                __vector_7
                0x00000062                __vector_5
                0x00000062                __vector_4
                0x00000062                __vector_9
                0x00000062                __vector_2
                0x00000062                __vector_15
                0x00000062                __vector_8
                0x00000062                __vector_14
                0x00000062                __vector_10
                0x00000062                __vector_16
                0x00000062                __vector_18
 .text          0x00000064        0x0 ./LCD/lcd44780.o
 .text          0x00000064        0x0 ./1Wire/crc8.o
 .text          0x00000064        0x0 ./1Wire/ds18x20.o
 .text          0x00000064        0x0 ./1Wire/onewire.o
 .text          0x00000064        0x0 ./main.o
 .text          0x00000064        0x0 c:/program files (x86)/atmel/avr tools/avr toolchain/bin/../lib/gcc/avr/4.8.1/avr4\libgcc.a(_udivmodqi4.o)
 .text          0x00000064        0x0 c:/program files (x86)/atmel/avr tools/avr toolchain/bin/../lib/gcc/avr/4.8.1/avr4\libgcc.a(_divmodhi4.o)
 .text          0x00000064        0x0 c:/program files (x86)/atmel/avr tools/avr toolchain/bin/../lib/gcc/avr/4.8.1/avr4\libgcc.a(_exit.o)
 .text          0x00000064        0x0 c:/program files (x86)/atmel/avr tools/avr toolchain/bin/../lib/gcc/avr/4.8.1/avr4\libgcc.a(_copy_data.o)
 .text          0x00000064        0x0 c:/program files (x86)/atmel/avr tools/avr toolchain/bin/../lib/gcc/avr/4.8.1/avr4\libgcc.a(_clear_bss.o)
 .text          0x00000064        0x0 c:/program files (x86)/atmel/avr tools/avr toolchain/bin/../lib/gcc/avr/4.8.1/avr4\libgcc.a(_udivmodhi4.o)
 .text          0x00000064        0x0 c:/program files (x86)/atmel/avr tools/avr toolchain/bin/../lib/gcc/avr/4.8.1/../../../../avr/lib/avr4\libc.a(itoa_ncheck.o)
 .text          0x00000064        0x0 c:/program files (x86)/atmel/avr tools/avr toolchain/bin/../lib/gcc/avr/4.8.1/../../../../avr/lib/avr4\libc.a(ltoa_ncheck.o)
 .text          0x00000064        0x0 c:/program files (x86)/atmel/avr tools/avr toolchain/bin/../lib/gcc/avr/4.8.1/../../../../avr/lib/avr4\libc.a(ultoa_ncheck.o)
 .text          0x00000064        0x0 c:/program files (x86)/atmel/avr tools/avr toolchain/bin/../lib/gcc/avr/4.8.1/../../../../avr/lib/avr4\libc.a(utoa_ncheck.o)
 .text          0x00000064        0x0 c:/program files (x86)/atmel/avr tools/avr toolchain/bin/../lib/gcc/avr/4.8.1/../../../../avr/lib/avr4\libc.a(eerd_byte_atmega8.o)
 .text          0x00000064        0x0 c:/program files (x86)/atmel/avr tools/avr toolchain/bin/../lib/gcc/avr/4.8.1/../../../../avr/lib/avr4\libc.a(strrev.o)
                0x00000064                . = ALIGN (0x2)
 *(.text.*)
 .text.data_dir_out
                0x00000064        0xa ./LCD/lcd44780.o
 .text.lcd_sendHalf
                0x0000006e       0x2a ./LCD/lcd44780.o
 .text._lcd_write_byte
                0x00000098       0x2a ./LCD/lcd44780.o
                0x00000098                _lcd_write_byte
 .text.lcd_write_cmd
                0x000000c2        0x4 ./LCD/lcd44780.o
                0x000000c2                lcd_write_cmd
 .text.lcd_write_data
                0x000000c6        0x4 ./LCD/lcd44780.o
                0x000000c6                lcd_write_data
 .text.lcd_char
                0x000000ca        0xc ./LCD/lcd44780.o
                0x000000ca                lcd_char
 .text.lcd_str  0x000000d6       0x16 ./LCD/lcd44780.o
                0x000000d6                lcd_str
 .text.lcd_str_P
                0x000000ec       0x1c ./LCD/lcd44780.o
                0x000000ec                lcd_str_P
 .text.lcd_str_E
                0x00000108       0x1e ./LCD/lcd44780.o
                0x00000108                lcd_str_E
 .text.lcd_int  0x00000126       0x32 ./LCD/lcd44780.o
                0x00000126                lcd_int
 .text.lcd_hex  0x00000158       0x32 ./LCD/lcd44780.o
                0x00000158                lcd_hex
 .text.lcd_defchar
                0x0000018a       0x50 ./LCD/lcd44780.o
                0x0000018a                lcd_defchar
 .text.lcd_defchar_P
                0x000001da       0x34 ./LCD/lcd44780.o
                0x000001da                lcd_defchar_P
 .text.lcd_defchar_E
                0x0000020e       0x46 ./LCD/lcd44780.o
                0x0000020e                lcd_defchar_E
 .text.lcd_locate
                0x00000254        0xc ./LCD/lcd44780.o
                0x00000254                lcd_locate
 .text.lcd_cls  0x00000260       0x12 ./LCD/lcd44780.o
                0x00000260                lcd_cls
 .text.lcd_home
                0x00000272       0x12 ./LCD/lcd44780.o
                0x00000272                lcd_home
 .text.lcd_init
                0x00000284       0x7c ./LCD/lcd44780.o
                0x00000284                lcd_init
 .text.crc8     0x00000300       0x32 ./1Wire/crc8.o
                0x00000300                crc8
 .text.DS18X20_meas_to_cel
                0x00000332       0xd0 ./1Wire/ds18x20.o
                0x00000332                DS18X20_meas_to_cel
 .text.DS18X20_temp_cmp
                0x00000402       0x2e ./1Wire/ds18x20.o
                0x00000402                DS18X20_temp_cmp
 .text.DS18X20_find_sensor
                0x00000430       0x30 ./1Wire/ds18x20.o
                0x00000430                DS18X20_find_sensor
 .text.search_sensors
                0x00000460       0x82 ./1Wire/ds18x20.o
                0x00000460                search_sensors
 .text.DS18X20_get_power_status
                0x000004e2       0x2c ./1Wire/ds18x20.o
                0x000004e2                DS18X20_get_power_status
 .text.DS18X20_start_meas
                0x0000050e       0x36 ./1Wire/ds18x20.o
                0x0000050e                DS18X20_start_meas
 .text.DS18X20_read_meas
                0x00000544       0xb2 ./1Wire/ds18x20.o
                0x00000544                DS18X20_read_meas
 .text.DS18X20_read_meas_single
                0x000005f6       0xae ./1Wire/ds18x20.o
                0x000005f6                DS18X20_read_meas_single
 .text.ow_input_pin_state
                0x000006a4        0x6 ./1Wire/onewire.o
                0x000006a4                ow_input_pin_state
 .text.ow_parasite_enable
                0x000006aa        0x6 ./1Wire/onewire.o
                0x000006aa                ow_parasite_enable
 .text.ow_parasite_disable
                0x000006b0        0x6 ./1Wire/onewire.o
                0x000006b0                ow_parasite_disable
 .text.ow_reset
                0x000006b6       0x38 ./1Wire/onewire.o
                0x000006b6                ow_reset
 .text.ow_bit_io
                0x000006ee       0x28 ./1Wire/onewire.o
                0x000006ee                ow_bit_io
 .text.ow_byte_wr
                0x00000716       0x20 ./1Wire/onewire.o
                0x00000716                ow_byte_wr
 .text.ow_byte_rd
                0x00000736        0x4 ./1Wire/onewire.o
                0x00000736                ow_byte_rd
 .text.ow_rom_search
                0x0000073a       0x84 ./1Wire/onewire.o
                0x0000073a                ow_rom_search
 .text.ow_command
                0x000007be       0x3c ./1Wire/onewire.o
                0x000007be                ow_command
 .text.display_temp
                0x000007fa       0x38 ./main.o
                0x000007fa                display_temp
 .text.__vector_3
                0x00000832       0x84 ./main.o
                0x00000832                __vector_3
 .text.heating  0x000008b6       0x14 ./main.o
                0x000008b6                heating
 .text.mieszanie
                0x000008ca       0x38 ./main.o
                0x000008ca                mieszanie
 .text.startup.main
                0x00000902      0x3bc ./main.o
                0x00000902                main
 .text.libgcc.mul
                0x00000cbe        0x0 c:/program files (x86)/atmel/avr tools/avr toolchain/bin/../lib/gcc/avr/4.8.1/avr4\libgcc.a(_udivmodqi4.o)
 .text.libgcc.div
                0x00000cbe       0x18 c:/program files (x86)/atmel/avr tools/avr toolchain/bin/../lib/gcc/avr/4.8.1/avr4\libgcc.a(_udivmodqi4.o)
                0x00000cbe                __udivmodqi4
 .text.libgcc   0x00000cd6        0x0 c:/program files (x86)/atmel/avr tools/avr toolchain/bin/../lib/gcc/avr/4.8.1/avr4\libgcc.a(_udivmodqi4.o)
 .text.libgcc.prologue
                0x00000cd6        0x0 c:/program files (x86)/atmel/avr tools/avr toolchain/bin/../lib/gcc/avr/4.8.1/avr4\libgcc.a(_udivmodqi4.o)
 .text.libgcc.builtins
                0x00000cd6        0x0 c:/program files (x86)/atmel/avr tools/avr toolchain/bin/../lib/gcc/avr/4.8.1/avr4\libgcc.a(_udivmodqi4.o)
 .text.libgcc.fmul
                0x00000cd6        0x0 c:/program files (x86)/atmel/avr tools/avr toolchain/bin/../lib/gcc/avr/4.8.1/avr4\libgcc.a(_udivmodqi4.o)
 .text.libgcc.fixed
                0x00000cd6        0x0 c:/program files (x86)/atmel/avr tools/avr toolchain/bin/../lib/gcc/avr/4.8.1/avr4\libgcc.a(_udivmodqi4.o)
 .text.libgcc.mul
                0x00000cd6        0x0 c:/program files (x86)/atmel/avr tools/avr toolchain/bin/../lib/gcc/avr/4.8.1/avr4\libgcc.a(_divmodhi4.o)
 .text.libgcc.div
                0x00000cd6       0x26 c:/program files (x86)/atmel/avr tools/avr toolchain/bin/../lib/gcc/avr/4.8.1/avr4\libgcc.a(_divmodhi4.o)
                0x00000cd6                _div
                0x00000cd6                __divmodhi4
 .text.libgcc   0x00000cfc        0x0 c:/program files (x86)/atmel/avr tools/avr toolchain/bin/../lib/gcc/avr/4.8.1/avr4\libgcc.a(_divmodhi4.o)
 .text.libgcc.prologue
                0x00000cfc        0x0 c:/program files (x86)/atmel/avr tools/avr toolchain/bin/../lib/gcc/avr/4.8.1/avr4\libgcc.a(_divmodhi4.o)
 .text.libgcc.builtins
                0x00000cfc        0x0 c:/program files (x86)/atmel/avr tools/avr toolchain/bin/../lib/gcc/avr/4.8.1/avr4\libgcc.a(_divmodhi4.o)
 .text.libgcc.fmul
                0x00000cfc        0x0 c:/program files (x86)/atmel/avr tools/avr toolchain/bin/../lib/gcc/avr/4.8.1/avr4\libgcc.a(_divmodhi4.o)
 .text.libgcc.fixed
                0x00000cfc        0x0 c:/program files (x86)/atmel/avr tools/avr toolchain/bin/../lib/gcc/avr/4.8.1/avr4\libgcc.a(_divmodhi4.o)
 .text.libgcc.mul
                0x00000cfc        0x0 c:/program files (x86)/atmel/avr tools/avr toolchain/bin/../lib/gcc/avr/4.8.1/avr4\libgcc.a(_exit.o)
 .text.libgcc.div
                0x00000cfc        0x0 c:/program files (x86)/atmel/avr tools/avr toolchain/bin/../lib/gcc/avr/4.8.1/avr4\libgcc.a(_exit.o)
 .text.libgcc   0x00000cfc        0x0 c:/program files (x86)/atmel/avr tools/avr toolchain/bin/../lib/gcc/avr/4.8.1/avr4\libgcc.a(_exit.o)
 .text.libgcc.prologue
                0x00000cfc        0x0 c:/program files (x86)/atmel/avr tools/avr toolchain/bin/../lib/gcc/avr/4.8.1/avr4\libgcc.a(_exit.o)
 .text.libgcc.builtins
                0x00000cfc        0x0 c:/program files (x86)/atmel/avr tools/avr toolchain/bin/../lib/gcc/avr/4.8.1/avr4\libgcc.a(_exit.o)
 .text.libgcc.fmul
                0x00000cfc        0x0 c:/program files (x86)/atmel/avr tools/avr toolchain/bin/../lib/gcc/avr/4.8.1/avr4\libgcc.a(_exit.o)
 .text.libgcc.fixed
                0x00000cfc        0x0 c:/program files (x86)/atmel/avr tools/avr toolchain/bin/../lib/gcc/avr/4.8.1/avr4\libgcc.a(_exit.o)
 .text.libgcc.mul
                0x00000cfc        0x0 c:/program files (x86)/atmel/avr tools/avr toolchain/bin/../lib/gcc/avr/4.8.1/avr4\libgcc.a(_copy_data.o)
 .text.libgcc.div
                0x00000cfc        0x0 c:/program files (x86)/atmel/avr tools/avr toolchain/bin/../lib/gcc/avr/4.8.1/avr4\libgcc.a(_copy_data.o)
 .text.libgcc   0x00000cfc        0x0 c:/program files (x86)/atmel/avr tools/avr toolchain/bin/../lib/gcc/avr/4.8.1/avr4\libgcc.a(_copy_data.o)
 .text.libgcc.prologue
                0x00000cfc        0x0 c:/program files (x86)/atmel/avr tools/avr toolchain/bin/../lib/gcc/avr/4.8.1/avr4\libgcc.a(_copy_data.o)
 .text.libgcc.builtins
                0x00000cfc        0x0 c:/program files (x86)/atmel/avr tools/avr toolchain/bin/../lib/gcc/avr/4.8.1/avr4\libgcc.a(_copy_data.o)
 .text.libgcc.fmul
                0x00000cfc        0x0 c:/program files (x86)/atmel/avr tools/avr toolchain/bin/../lib/gcc/avr/4.8.1/avr4\libgcc.a(_copy_data.o)
 .text.libgcc.fixed
                0x00000cfc        0x0 c:/program files (x86)/atmel/avr tools/avr toolchain/bin/../lib/gcc/avr/4.8.1/avr4\libgcc.a(_copy_data.o)
 .text.libgcc.mul
                0x00000cfc        0x0 c:/program files (x86)/atmel/avr tools/avr toolchain/bin/../lib/gcc/avr/4.8.1/avr4\libgcc.a(_clear_bss.o)
 .text.libgcc.div
                0x00000cfc        0x0 c:/program files (x86)/atmel/avr tools/avr toolchain/bin/../lib/gcc/avr/4.8.1/avr4\libgcc.a(_clear_bss.o)
 .text.libgcc   0x00000cfc        0x0 c:/program files (x86)/atmel/avr tools/avr toolchain/bin/../lib/gcc/avr/4.8.1/avr4\libgcc.a(_clear_bss.o)
 .text.libgcc.prologue
                0x00000cfc        0x0 c:/program files (x86)/atmel/avr tools/avr toolchain/bin/../lib/gcc/avr/4.8.1/avr4\libgcc.a(_clear_bss.o)
 .text.libgcc.builtins
                0x00000cfc        0x0 c:/program files (x86)/atmel/avr tools/avr toolchain/bin/../lib/gcc/avr/4.8.1/avr4\libgcc.a(_clear_bss.o)
 .text.libgcc.fmul
                0x00000cfc        0x0 c:/program files (x86)/atmel/avr tools/avr toolchain/bin/../lib/gcc/avr/4.8.1/avr4\libgcc.a(_clear_bss.o)
 .text.libgcc.fixed
                0x00000cfc        0x0 c:/program files (x86)/atmel/avr tools/avr toolchain/bin/../lib/gcc/avr/4.8.1/avr4\libgcc.a(_clear_bss.o)
 .text.libgcc.mul
                0x00000cfc        0x0 c:/program files (x86)/atmel/avr tools/avr toolchain/bin/../lib/gcc/avr/4.8.1/avr4\libgcc.a(_udivmodhi4.o)
 .text.libgcc.div
                0x00000cfc       0x28 c:/program files (x86)/atmel/avr tools/avr toolchain/bin/../lib/gcc/avr/4.8.1/avr4\libgcc.a(_udivmodhi4.o)
                0x00000cfc                __udivmodhi4
 .text.libgcc   0x00000d24        0x0 c:/program files (x86)/atmel/avr tools/avr toolchain/bin/../lib/gcc/avr/4.8.1/avr4\libgcc.a(_udivmodhi4.o)
 .text.libgcc.prologue
                0x00000d24        0x0 c:/program files (x86)/atmel/avr tools/avr toolchain/bin/../lib/gcc/avr/4.8.1/avr4\libgcc.a(_udivmodhi4.o)
 .text.libgcc.builtins
                0x00000d24        0x0 c:/program files (x86)/atmel/avr tools/avr toolchain/bin/../lib/gcc/avr/4.8.1/avr4\libgcc.a(_udivmodhi4.o)
 .text.libgcc.fmul
                0x00000d24        0x0 c:/program files (x86)/atmel/avr tools/avr toolchain/bin/../lib/gcc/avr/4.8.1/avr4\libgcc.a(_udivmodhi4.o)
 .text.libgcc.fixed
                0x00000d24        0x0 c:/program files (x86)/atmel/avr tools/avr toolchain/bin/../lib/gcc/avr/4.8.1/avr4\libgcc.a(_udivmodhi4.o)
 .text.avr-libc
                0x00000d24       0x14 c:/program files (x86)/atmel/avr tools/avr toolchain/bin/../lib/gcc/avr/4.8.1/../../../../avr/lib/avr4\libc.a(itoa_ncheck.o)
                0x00000d24                __itoa_ncheck
 .text.avr-libc
                0x00000d38       0x1c c:/program files (x86)/atmel/avr tools/avr toolchain/bin/../lib/gcc/avr/4.8.1/../../../../avr/lib/avr4\libc.a(ltoa_ncheck.o)
                0x00000d38                __ltoa_ncheck
 .text.avr-libc
                0x00000d54       0x42 c:/program files (x86)/atmel/avr tools/avr toolchain/bin/../lib/gcc/avr/4.8.1/../../../../avr/lib/avr4\libc.a(ultoa_ncheck.o)
                0x00000d54                __ultoa_ncheck
                0x00000d56                __ultoa_common
 .text.avr-libc
                0x00000d96       0x32 c:/program files (x86)/atmel/avr tools/avr toolchain/bin/../lib/gcc/avr/4.8.1/../../../../avr/lib/avr4\libc.a(utoa_ncheck.o)
                0x00000d96                __utoa_ncheck
                0x00000d98                __utoa_common
 .text.avr-libc
                0x00000dc8       0x10 c:/program files (x86)/atmel/avr tools/avr toolchain/bin/../lib/gcc/avr/4.8.1/../../../../avr/lib/avr4\libc.a(eerd_byte_atmega8.o)
                0x00000dc8                __eerd_byte_m8
 .text.avr-libc
                0x00000dd8       0x20 c:/program files (x86)/atmel/avr tools/avr toolchain/bin/../lib/gcc/avr/4.8.1/../../../../avr/lib/avr4\libc.a(strrev.o)
                0x00000dd8                strrev
                0x00000df8                . = ALIGN (0x2)
 *(.fini9)
 .fini9         0x00000df8        0x0 c:/program files (x86)/atmel/avr tools/avr toolchain/bin/../lib/gcc/avr/4.8.1/avr4\libgcc.a(_exit.o)
                0x00000df8                _exit
                0x00000df8                exit
 *(.fini9)
 *(.fini8)
 *(.fini8)
 *(.fini7)
 *(.fini7)
 *(.fini6)
 *(.fini6)
 *(.fini5)
 *(.fini5)
 *(.fini4)
 *(.fini4)
 *(.fini3)
 *(.fini3)
 *(.fini2)
 *(.fini2)
 *(.fini1)
 *(.fini1)
 *(.fini0)
 .fini0         0x00000df8        0x4 c:/program files (x86)/atmel/avr tools/avr toolchain/bin/../lib/gcc/avr/4.8.1/avr4\libgcc.a(_exit.o)
 *(.fini0)
                0x00000dfc                _etext = .

.data           0x00800060       0x52 load address 0x00000dfc
                0x00800060                PROVIDE (__data_start, .)
 *(.data)
 .data          0x00800060        0x0 c:/program files (x86)/atmel/avr tools/avr toolchain/bin/../lib/gcc/avr/4.8.1/../../../../avr/lib/avr4/crtm8.o
 .data          0x00800060        0x0 ./LCD/lcd44780.o
 .data          0x00800060        0x0 ./1Wire/crc8.o
 .data          0x00800060        0x0 ./1Wire/ds18x20.o
 .data          0x00800060        0x0 ./1Wire/onewire.o
 .data          0x00800060        0x0 ./main.o
 .data          0x00800060        0x0 c:/program files (x86)/atmel/avr tools/avr toolchain/bin/../lib/gcc/avr/4.8.1/avr4\libgcc.a(_udivmodqi4.o)
 .data          0x00800060        0x0 c:/program files (x86)/atmel/avr tools/avr toolchain/bin/../lib/gcc/avr/4.8.1/avr4\libgcc.a(_divmodhi4.o)
 .data          0x00800060        0x0 c:/program files (x86)/atmel/avr tools/avr toolchain/bin/../lib/gcc/avr/4.8.1/avr4\libgcc.a(_exit.o)
 .data          0x00800060        0x0 c:/program files (x86)/atmel/avr tools/avr toolchain/bin/../lib/gcc/avr/4.8.1/avr4\libgcc.a(_copy_data.o)
 .data          0x00800060        0x0 c:/program files (x86)/atmel/avr tools/avr toolchain/bin/../lib/gcc/avr/4.8.1/avr4\libgcc.a(_clear_bss.o)
 .data          0x00800060        0x0 c:/program files (x86)/atmel/avr tools/avr toolchain/bin/../lib/gcc/avr/4.8.1/avr4\libgcc.a(_udivmodhi4.o)
 .data          0x00800060        0x0 c:/program files (x86)/atmel/avr tools/avr toolchain/bin/../lib/gcc/avr/4.8.1/../../../../avr/lib/avr4\libc.a(itoa_ncheck.o)
 .data          0x00800060        0x0 c:/program files (x86)/atmel/avr tools/avr toolchain/bin/../lib/gcc/avr/4.8.1/../../../../avr/lib/avr4\libc.a(ltoa_ncheck.o)
 .data          0x00800060        0x0 c:/program files (x86)/atmel/avr tools/avr toolchain/bin/../lib/gcc/avr/4.8.1/../../../../avr/lib/avr4\libc.a(ultoa_ncheck.o)
 .data          0x00800060        0x0 c:/program files (x86)/atmel/avr tools/avr toolchain/bin/../lib/gcc/avr/4.8.1/../../../../avr/lib/avr4\libc.a(utoa_ncheck.o)
 .data          0x00800060        0x0 c:/program files (x86)/atmel/avr tools/avr toolchain/bin/../lib/gcc/avr/4.8.1/../../../../avr/lib/avr4\libc.a(eerd_byte_atmega8.o)
 .data          0x00800060        0x0 c:/program files (x86)/atmel/avr tools/avr toolchain/bin/../lib/gcc/avr/4.8.1/../../../../avr/lib/avr4\libc.a(strrev.o)
 *(.data*)
 *(.rodata)
 .rodata        0x00800060       0x10 ./1Wire/ds18x20.o
 *(.rodata*)
 .rodata.str1.1
                0x00800070       0x41 ./main.o
                                 0x4b (size before relaxing)
 *(.gnu.linkonce.d*)
                0x008000b2                . = ALIGN (0x2)
 *fill*         0x008000b1        0x1 
                0x008000b2                _edata = .
                0x008000b2                PROVIDE (__data_end, .)

.bss            0x008000b2       0x21
                0x008000b2                PROVIDE (__bss_start, .)
 *(.bss)
 .bss           0x008000b2        0x0 c:/program files (x86)/atmel/avr tools/avr toolchain/bin/../lib/gcc/avr/4.8.1/../../../../avr/lib/avr4/crtm8.o
 .bss           0x008000b2        0x0 ./LCD/lcd44780.o
 .bss           0x008000b2        0x0 ./1Wire/crc8.o
 .bss           0x008000b2        0x0 ./1Wire/ds18x20.o
 .bss           0x008000b2        0x0 ./1Wire/onewire.o
 .bss           0x008000b2        0x0 ./main.o
 .bss           0x008000b2        0x0 c:/program files (x86)/atmel/avr tools/avr toolchain/bin/../lib/gcc/avr/4.8.1/avr4\libgcc.a(_udivmodqi4.o)
 .bss           0x008000b2        0x0 c:/program files (x86)/atmel/avr tools/avr toolchain/bin/../lib/gcc/avr/4.8.1/avr4\libgcc.a(_divmodhi4.o)
 .bss           0x008000b2        0x0 c:/program files (x86)/atmel/avr tools/avr toolchain/bin/../lib/gcc/avr/4.8.1/avr4\libgcc.a(_exit.o)
 .bss           0x008000b2        0x0 c:/program files (x86)/atmel/avr tools/avr toolchain/bin/../lib/gcc/avr/4.8.1/avr4\libgcc.a(_copy_data.o)
 .bss           0x008000b2        0x0 c:/program files (x86)/atmel/avr tools/avr toolchain/bin/../lib/gcc/avr/4.8.1/avr4\libgcc.a(_clear_bss.o)
 .bss           0x008000b2        0x0 c:/program files (x86)/atmel/avr tools/avr toolchain/bin/../lib/gcc/avr/4.8.1/avr4\libgcc.a(_udivmodhi4.o)
 .bss           0x008000b2        0x0 c:/program files (x86)/atmel/avr tools/avr toolchain/bin/../lib/gcc/avr/4.8.1/../../../../avr/lib/avr4\libc.a(itoa_ncheck.o)
 .bss           0x008000b2        0x0 c:/program files (x86)/atmel/avr tools/avr toolchain/bin/../lib/gcc/avr/4.8.1/../../../../avr/lib/avr4\libc.a(ltoa_ncheck.o)
 .bss           0x008000b2        0x0 c:/program files (x86)/atmel/avr tools/avr toolchain/bin/../lib/gcc/avr/4.8.1/../../../../avr/lib/avr4\libc.a(ultoa_ncheck.o)
 .bss           0x008000b2        0x0 c:/program files (x86)/atmel/avr tools/avr toolchain/bin/../lib/gcc/avr/4.8.1/../../../../avr/lib/avr4\libc.a(utoa_ncheck.o)
 .bss           0x008000b2        0x0 c:/program files (x86)/atmel/avr tools/avr toolchain/bin/../lib/gcc/avr/4.8.1/../../../../avr/lib/avr4\libc.a(eerd_byte_atmega8.o)
 .bss           0x008000b2        0x0 c:/program files (x86)/atmel/avr tools/avr toolchain/bin/../lib/gcc/avr/4.8.1/../../../../avr/lib/avr4\libc.a(strrev.o)
 *(.bss*)
 .bss.cnt.2025  0x008000b2        0x1 ./main.o
 *(COMMON)
 COMMON         0x008000b3       0x10 ./1Wire/ds18x20.o
                0x008000b3                gSensorIDs
 COMMON         0x008000c3       0x10 ./main.o
                0x008000c3                x
                0x008000c4                sekundy
                0x008000c5                wskZmienna
                0x008000c7                czujnik_cnt
                0x008000c8                ms330_flag
                0x008000c9                ms10
                0x008000ca                i
                0x008000cb                idx
                0x008000cc                cel_fract_bits
                0x008000cd                regTemp
                0x008000ce                s1_flag
                0x008000cf                subzero
                0x008000d0                odliczanie
                0x008000d1                cel
                0x008000d2                przemieszaj
                0x008000d3                PROVIDE (__bss_end, .)
                0x00000dfc                __data_load_start = LOADADDR (.data)
                0x00000e4e                __data_load_end = (__data_load_start + SIZEOF (.data))

.noinit         0x008000d3        0x0
                0x008000d3                PROVIDE (__noinit_start, .)
 *(.noinit*)
                0x008000d3                PROVIDE (__noinit_end, .)
                0x008000d3                _end = .
                0x008000d3                PROVIDE (__heap_start, .)

.eeprom         0x00810000        0x0
 *(.eeprom*)
                0x00810000                __eeprom_end = .

.fuse
 *(.fuse)
 *(.lfuse)
 *(.hfuse)
 *(.efuse)

.lock
 *(.lock*)

.signature
 *(.signature*)

.user_signatures
 *(.user_signatures*)

.stab
 *(.stab)

.stabstr
 *(.stabstr)

.stab.excl
 *(.stab.excl)

.stab.exclstr
 *(.stab.exclstr)

.stab.index
 *(.stab.index)

.stab.indexstr
 *(.stab.indexstr)

.comment        0x00000000       0x30
 *(.comment)
 .comment       0x00000000       0x30 ./LCD/lcd44780.o
                                 0x31 (size before relaxing)
 .comment       0x00000000       0x31 ./1Wire/crc8.o
 .comment       0x00000000       0x31 ./1Wire/ds18x20.o
 .comment       0x00000000       0x31 ./1Wire/onewire.o
 .comment       0x00000000       0x31 ./main.o

.note.gnu.build-id
 *(.note.gnu.build-id)

.debug
 *(.debug)

.line
 *(.line)

.debug_srcinfo
 *(.debug_srcinfo)

.debug_sfnames
 *(.debug_sfnames)

.debug_aranges
 *(.debug_aranges)

.debug_pubnames
 *(.debug_pubnames)

.debug_info
 *(.debug_info .gnu.linkonce.wi.*)

.debug_abbrev
 *(.debug_abbrev)

.debug_line
 *(.debug_line .debug_line.* .debug_line_end)

.debug_frame
 *(.debug_frame)

.debug_str
 *(.debug_str)

.debug_loc
 *(.debug_loc)

.debug_macinfo
 *(.debug_macinfo)

.debug_weaknames
 *(.debug_weaknames)

.debug_funcnames
 *(.debug_funcnames)

.debug_typenames
 *(.debug_typenames)

.debug_varnames
 *(.debug_varnames)

.debug_pubtypes
 *(.debug_pubtypes)

.debug_ranges
 *(.debug_ranges)

.debug_macro
 *(.debug_macro)
OUTPUT(Wytrawiarka.elf elf32-avr)
LOAD linker stubs
